// Jest Snapshot v1, https://goo.gl/fbAQLP

exports[`AddFundsSourcePicker component renders default options 1`] = `
.c1 {
  font-size: 14px;
}

.c0 {
  box-sizing: border-box;
  position: relative;
}

<div
  className="c0"
>
  <div
    className="c1 css-2b097c-container"
    data-cy="select"
    id="sourcePicker"
    onKeyDown={[Function]}
  >
    <div
      className=" css-1to61u5-control"
      onMouseDown={[Function]}
      onTouchEnd={[Function]}
    >
      <div
        className=" css-1hwfws3"
      >
        <div
          className=" css-1wa3eu0-placeholder"
        >
          Search for Users or Organizations
        </div>
        <div
          className="css-1g6gooi"
        >
          <div
            className=""
            style={
              Object {
                "display": "inline-block",
              }
            }
          >
            <input
              aria-autocomplete="list"
              autoCapitalize="none"
              autoComplete="off"
              autoCorrect="off"
              disabled={false}
              id="react-select-2-input"
              onBlur={[Function]}
              onChange={[Function]}
              onFocus={[Function]}
              spellCheck="false"
              style={
                Object {
                  "background": 0,
                  "border": 0,
                  "boxSizing": "content-box",
                  "color": "inherit",
                  "fontSize": "inherit",
                  "label": "input",
                  "opacity": 1,
                  "outline": 0,
                  "padding": 0,
                  "width": "1px",
                }
              }
              tabIndex="0"
              type="text"
              value=""
            />
            <div
              style={
                Object {
                  "height": 0,
                  "left": 0,
                  "overflow": "scroll",
                  "position": "absolute",
                  "top": 0,
                  "visibility": "hidden",
                  "whiteSpace": "pre",
                }
              }
            >
              
            </div>
          </div>
        </div>
      </div>
      <div
        className=" css-1wy0on6"
      >
        <span
          className=" css-1hyfx7x"
        />
        <div
          aria-hidden="true"
          className=" css-tlfecz-indicatorContainer"
          onMouseDown={[Function]}
          onTouchEnd={[Function]}
        >
          <svg
            height={16}
            version="1.1"
            viewBox="10 10 30 30"
            width={16}
            xmlns="http://www.w3.org/2000/svg"
          >
            <title>
              Search
            </title>
            <path
              d="M28.5404814,30.1903972 C26.7995948,31.5736628 24.5962981,32.4 22.2,32.4 C16.5666956,32.4 12,27.8333044 12,22.2 C12,16.5666956 16.5666956,12 22.2,12 C27.8333044,12 32.4,16.5666956 32.4,22.2 C32.4,24.5962981 31.5736628,26.7995948 30.1903972,28.5404814 L35.6582912,34.0083754 C36.1139029,34.4639871 36.1139029,35.2026796 35.6582912,35.6582912 C35.2026796,36.1139029 34.4639871,36.1139029 34.0083754,35.6582912 L28.5404814,30.1903972 Z M22.2,30 C26.507821,30 30,26.507821 30,22.2 C30,17.892179 26.507821,14.4 22.2,14.4 C17.892179,14.4 14.4,17.892179 14.4,22.2 C14.4,26.507821 17.892179,30 22.2,30 Z"
              fill="#aaaaaa"
              fillRule="nonzero"
              id="magnifying-glass"
            />
          </svg>
        </div>
      </div>
    </div>
  </div>
</div>
`;

exports[`AddFundsSourcePicker component renders fromCollectives by type in optgroup 1`] = `
.c1 {
  font-size: 14px;
}

.c0 {
  box-sizing: border-box;
  position: relative;
}

<div
  className="c0"
>
  <div
    className="c1 css-2b097c-container"
    data-cy="select"
    id="sourcePicker"
    onKeyDown={[Function]}
  >
    <div
      className=" css-1to61u5-control"
      onMouseDown={[Function]}
      onTouchEnd={[Function]}
    >
      <div
        className=" css-1hwfws3"
      >
        <div
          className=" css-1wa3eu0-placeholder"
        >
          Search for Users or Organizations
        </div>
        <div
          className="css-1g6gooi"
        >
          <div
            className=""
            style={
              Object {
                "display": "inline-block",
              }
            }
          >
            <input
              aria-autocomplete="list"
              autoCapitalize="none"
              autoComplete="off"
              autoCorrect="off"
              disabled={false}
              id="react-select-5-input"
              onBlur={[Function]}
              onChange={[Function]}
              onFocus={[Function]}
              spellCheck="false"
              style={
                Object {
                  "background": 0,
                  "border": 0,
                  "boxSizing": "content-box",
                  "color": "inherit",
                  "fontSize": "inherit",
                  "label": "input",
                  "opacity": 1,
                  "outline": 0,
                  "padding": 0,
                  "width": "1px",
                }
              }
              tabIndex="0"
              type="text"
              value=""
            />
            <div
              style={
                Object {
                  "height": 0,
                  "left": 0,
                  "overflow": "scroll",
                  "position": "absolute",
                  "top": 0,
                  "visibility": "hidden",
                  "whiteSpace": "pre",
                }
              }
            >
              
            </div>
          </div>
        </div>
      </div>
      <div
        className=" css-1wy0on6"
      >
        <span
          className=" css-1hyfx7x"
        />
        <div
          aria-hidden="true"
          className=" css-tlfecz-indicatorContainer"
          onMouseDown={[Function]}
          onTouchEnd={[Function]}
        >
          <svg
            height={16}
            version="1.1"
            viewBox="10 10 30 30"
            width={16}
            xmlns="http://www.w3.org/2000/svg"
          >
            <title>
              Search
            </title>
            <path
              d="M28.5404814,30.1903972 C26.7995948,31.5736628 24.5962981,32.4 22.2,32.4 C16.5666956,32.4 12,27.8333044 12,22.2 C12,16.5666956 16.5666956,12 22.2,12 C27.8333044,12 32.4,16.5666956 32.4,22.2 C32.4,24.5962981 31.5736628,26.7995948 30.1903972,28.5404814 L35.6582912,34.0083754 C36.1139029,34.4639871 36.1139029,35.2026796 35.6582912,35.6582912 C35.2026796,36.1139029 34.4639871,36.1139029 34.0083754,35.6582912 L28.5404814,30.1903972 Z M22.2,30 C26.507821,30 30,26.507821 30,22.2 C30,17.892179 26.507821,14.4 22.2,14.4 C17.892179,14.4 14.4,17.892179 14.4,22.2 C14.4,26.507821 17.892179,30 22.2,30 Z"
              fill="#aaaaaa"
              fillRule="nonzero"
              id="magnifying-glass"
            />
          </svg>
        </div>
      </div>
    </div>
  </div>
</div>
`;

exports[`AddFundsSourcePicker component renders host name as first option 1`] = `
.c1 {
  font-size: 14px;
}

.c0 {
  box-sizing: border-box;
  position: relative;
}

<div
  className="c0"
>
  <div
    className="c1 css-2b097c-container"
    data-cy="select"
    id="sourcePicker"
    onKeyDown={[Function]}
  >
    <div
      className=" css-1to61u5-control"
      onMouseDown={[Function]}
      onTouchEnd={[Function]}
    >
      <div
        className=" css-1hwfws3"
      >
        <div
          className=" css-1wa3eu0-placeholder"
        >
          Search for Users or Organizations
        </div>
        <div
          className="css-1g6gooi"
        >
          <div
            className=""
            style={
              Object {
                "display": "inline-block",
              }
            }
          >
            <input
              aria-autocomplete="list"
              autoCapitalize="none"
              autoComplete="off"
              autoCorrect="off"
              disabled={false}
              id="react-select-4-input"
              onBlur={[Function]}
              onChange={[Function]}
              onFocus={[Function]}
              spellCheck="false"
              style={
                Object {
                  "background": 0,
                  "border": 0,
                  "boxSizing": "content-box",
                  "color": "inherit",
                  "fontSize": "inherit",
                  "label": "input",
                  "opacity": 1,
                  "outline": 0,
                  "padding": 0,
                  "width": "1px",
                }
              }
              tabIndex="0"
              type="text"
              value=""
            />
            <div
              style={
                Object {
                  "height": 0,
                  "left": 0,
                  "overflow": "scroll",
                  "position": "absolute",
                  "top": 0,
                  "visibility": "hidden",
                  "whiteSpace": "pre",
                }
              }
            >
              
            </div>
          </div>
        </div>
      </div>
      <div
        className=" css-1wy0on6"
      >
        <span
          className=" css-1hyfx7x"
        />
        <div
          aria-hidden="true"
          className=" css-tlfecz-indicatorContainer"
          onMouseDown={[Function]}
          onTouchEnd={[Function]}
        >
          <svg
            height={16}
            version="1.1"
            viewBox="10 10 30 30"
            width={16}
            xmlns="http://www.w3.org/2000/svg"
          >
            <title>
              Search
            </title>
            <path
              d="M28.5404814,30.1903972 C26.7995948,31.5736628 24.5962981,32.4 22.2,32.4 C16.5666956,32.4 12,27.8333044 12,22.2 C12,16.5666956 16.5666956,12 22.2,12 C27.8333044,12 32.4,16.5666956 32.4,22.2 C32.4,24.5962981 31.5736628,26.7995948 30.1903972,28.5404814 L35.6582912,34.0083754 C36.1139029,34.4639871 36.1139029,35.2026796 35.6582912,35.6582912 C35.2026796,36.1139029 34.4639871,36.1139029 34.0083754,35.6582912 L28.5404814,30.1903972 Z M22.2,30 C26.507821,30 30,26.507821 30,22.2 C30,17.892179 26.507821,14.4 22.2,14.4 C17.892179,14.4 14.4,17.892179 14.4,22.2 C14.4,26.507821 17.892179,30 22.2,30 Z"
              fill="#aaaaaa"
              fillRule="nonzero"
              id="magnifying-glass"
            />
          </svg>
        </div>
      </div>
    </div>
  </div>
</div>
`;

exports[`AddFundsSourcePicker component renders loading state 1`] = `
.c1 {
  font-size: 14px;
}

.c0 {
  box-sizing: border-box;
  position: relative;
}

<div
  className="c0"
>
  <div
    className="c1 css-2b097c-container"
    data-cy="select"
    id="sourcePicker"
    onKeyDown={[Function]}
  >
    <div
      className=" css-1to61u5-control"
      onMouseDown={[Function]}
      onTouchEnd={[Function]}
    >
      <div
        className=" css-1hwfws3"
      >
        <div
          className=" css-1wa3eu0-placeholder"
        >
          Search for Users or Organizations
        </div>
        <div
          className="css-1g6gooi"
        >
          <div
            className=""
            style={
              Object {
                "display": "inline-block",
              }
            }
          >
            <input
              aria-autocomplete="list"
              autoCapitalize="none"
              autoComplete="off"
              autoCorrect="off"
              disabled={false}
              id="react-select-3-input"
              onBlur={[Function]}
              onChange={[Function]}
              onFocus={[Function]}
              spellCheck="false"
              style={
                Object {
                  "background": 0,
                  "border": 0,
                  "boxSizing": "content-box",
                  "color": "inherit",
                  "fontSize": "inherit",
                  "label": "input",
                  "opacity": 1,
                  "outline": 0,
                  "padding": 0,
                  "width": "1px",
                }
              }
              tabIndex="0"
              type="text"
              value=""
            />
            <div
              style={
                Object {
                  "height": 0,
                  "left": 0,
                  "overflow": "scroll",
                  "position": "absolute",
                  "top": 0,
                  "visibility": "hidden",
                  "whiteSpace": "pre",
                }
              }
            >
              
            </div>
          </div>
        </div>
      </div>
      <div
        className=" css-1wy0on6"
      >
        <span
          className=" css-1hyfx7x"
        />
        <div
          aria-hidden="true"
          className=" css-tlfecz-indicatorContainer"
          onMouseDown={[Function]}
          onTouchEnd={[Function]}
        >
          <svg
            height={16}
            version="1.1"
            viewBox="10 10 30 30"
            width={16}
            xmlns="http://www.w3.org/2000/svg"
          >
            <title>
              Search
            </title>
            <path
              d="M28.5404814,30.1903972 C26.7995948,31.5736628 24.5962981,32.4 22.2,32.4 C16.5666956,32.4 12,27.8333044 12,22.2 C12,16.5666956 16.5666956,12 22.2,12 C27.8333044,12 32.4,16.5666956 32.4,22.2 C32.4,24.5962981 31.5736628,26.7995948 30.1903972,28.5404814 L35.6582912,34.0083754 C36.1139029,34.4639871 36.1139029,35.2026796 35.6582912,35.6582912 C35.2026796,36.1139029 34.4639871,36.1139029 34.0083754,35.6582912 L28.5404814,30.1903972 Z M22.2,30 C26.507821,30 30,26.507821 30,22.2 C30,17.892179 26.507821,14.4 22.2,14.4 C17.892179,14.4 14.4,17.892179 14.4,22.2 C14.4,26.507821 17.892179,30 22.2,30 Z"
              fill="#aaaaaa"
              fillRule="nonzero"
              id="magnifying-glass"
            />
          </svg>
        </div>
      </div>
    </div>
  </div>
</div>
`;

exports[`AddFundsSourcePickerForUser component render host options 1`] = `
<div>
  <select
    className="form-control"
    id="sourcePicker"
    name="template"
    onChange={[Function]}
    placeholder="select"
  >
    <option
      value=""
    />
    <option
      value="host-id"
    >
      Example Host
    </option>
  </select>
</div>
`;

exports[`AddFundsSourcePickerForUser component renders default options 1`] = `
<div>
  <select
    className="form-control"
    id="sourcePicker"
    name="template"
    onChange={[Function]}
    placeholder="select"
  >
    <option
      value=""
    />
  </select>
</div>
`;
